// Jest Snapshot v1, https://goo.gl/fbAQLP

exports[`LoginPage Component Test render without crashing 1`] = `
<div>
  <div
    className="main-content"
  >
    <div
      className="user-profile-wrapper"
    >
      <div
        className="order-count"
      >
        <div>
          Ready for Pickup:
          <span
            id="pickup-status"
          >
            0
          </span>
        </div>
        <div
          className="status-count"
        >
          In-Transit:
          <span
            id="transit-status"
          >
            0
          </span>
        </div>
        <div
          className="status-count"
        >
          Delivered:
          <span
            id="deliver-status"
          >
            0
          </span>
        </div>
        <div
          className="status-count"
        >
          Cancelled:
          <span
            id="cancel-status"
          >
            0
          </span>
        </div>
      </div>
      <div
        className="create-order-btn"
      >
        <Link
          replace={false}
          to="/create-order"
        >
          Create New Order
        </Link>
      </div>
      <div>
        <div
          className="table-top"
        >
          <span
            className="table-title"
          >
            My Orders
          </span>
          <div
            className="search-bar"
          >
            <input
              id="search-name"
              name="search"
              onChange={[Function]}
              placeholder="Enter Recipient Name..."
              type="text"
              value=""
            />
          </div>
        </div>
        <table
          className="orders"
        >
          <thead>
            <tr>
              <th
                scope="row"
              >
                ID
              </th>
              <th
                className="remove-second"
                scope="row"
              >
                Date
              </th>
              <th
                className="remove-first"
                scope="row"
              >
                Pick Up Location
              </th>
              <th
                className="remove-second"
                scope="row"
              >
                Destination
              </th>
              <th
                scope="row"
              >
                Recipient Name
              </th>
              <th
                scope="row"
              >
                Status
              </th>
              <th
                scope="row"
              />
              <th
                scope="row"
              />
              <th
                scope="row"
              />
            </tr>
          </thead>
          <tbody
            className="orders-data"
          />
        </table>
        <ViewModal
          handleClick={[Function]}
          isOpen={false}
          onRequestClose={[Function]}
          parcel={Object {}}
        />
        <CancelModal
          handleClick={[Function]}
          handleSubmit={[Function]}
          isOpen={false}
          onRequestClose={[Function]}
          parcel={Object {}}
        />
      </div>
    </div>
  </div>
</div>
`;
